https://github.com/BloodHoundAD/BloodHound.git
https://github.com/FortyNorthSecurity/EyeWitness.git
https://github.com/Mosuan/FileScan.git
https://github.com/chrismaddalena/ODIN.git
https://github.com/SecHackLabs/webhackshl.git
https://github.com/elceef/dnstwist.git
https://github.com/ElevenPaths/FOCA.git
https://github.com/wKovacs64/hibp.git
https://github.com/m4ll0k/Infoga.git
https://github.com/nettitude/Prowl.git
https://github.com/vaguileradiaz/tinfoleak.git
https://github.com/jopcode/whour.git
https://github.com/leebaird/discover.git
https://github.com/inurlx/CLOUDKiLL3R.git
https://github.com/MetaChar/Mercury.git
https://github.com/urbanadventurer/WhatWeb
https://github.com/smicallef/spiderfoot.git
https://github.com/peterpt/eternal_scanner.git
https://github.com/byt3bl33d3r/CrackMapExec.git
https://github.com/EmpireProject/Empire.git
https://github.com/xsan-lahci/NWHT-V1.git
https://github.com/ZettaHack/PasteZort.git
https://github.com/Screetsec/TheFatRat.git
https://github.com/Souhardya/UBoat.git
https://github.com/Veil-Framework/Veil.git
https://github.com/HackingEnVivo/WaterDoS.git
https://github.com/MooseDojo/apt2.git
https://github.com/k4mpr3t/b4tm4n.git
https://github.com/vanhoefm/krackattacks-poc-zerokey.git
https://github.com/AlessandroZ/LaZagne.git
https://github.com/cldrn/macphish.git
https://github.com/wifiphisher/wifiphisher.git
https://github.com/pasahitz/zirikatu.git
https://github.com/trustedsec/unicorn.git
https://github.com/M4sc3r4n0/Evil-Droid.git
https://github.com/Hackplayers/evil-winrm.git
https://github.com/TryCatchHCF/PacketWhisper.git
https://github.com/TryCatchHCF/Cloakify.git
https://github.com/nerrorsec/GoogleDorker.git
https://github.com/MD3XTER/hide-me.git
https://github.com/P0cL4bs/WiFi-Pumpkin.git
https://github.com/zerobyte-id-bak/Bashter.git
https://github.com/entynetproject/geospy.git
https://github.com/jofpin/trape.git
https://github.com/sherlock-project/sherlock.git
https://github.com/OWASP/OWASP-WebScarab.git
https://github.com/thewhiteh4t/pwnedOrNot.git
https://github.com/travisfoley/dfirtriage.git
https://github.com/pielco11/fav-up.git
https://github.com/ghostop14/sparrow-wifi.git
https://github.com/offensive-security/exploitdb.git
